
> frontend@0.0.0 build
> vite build

[36mvite v6.3.5 [32mbuilding for production...[36m[39m
transforming...
[32mΓ£ô[39m 127 modules transformed.
rendering chunks...
computing gzip size...
[2mdist/[22m[32mindex.html                 [39m[1m[2m  0.88 kB[22m[1m[22m[2m Γöé gzip:   0.46 kB[22m
[2mdist/[22m[35massets/index-C_hRMJ5i.css  [39m[1m[2m 48.66 kB[22m[1m[22m[2m Γöé gzip:   8.31 kB[22m
[2mdist/[22m[36massets/index-DiQ9WR_v.js   [39m[1m[2m371.08 kB[22m[1m[22m[2m Γöé gzip: 113.74 kB[22m
[32mΓ£ô built in 45.23s[39m
